2025-07-14 19:45:20,767 - INFO - [31m[1mWARNING: This is a development server. Do not use it in a production deployment. Use a production WSGI server instead.[0m
 * Running on all addresses (0.0.0.0)
 * Running on http://127.0.0.1:5000
 * Running on http://192.168.1.107:5000
2025-07-14 19:45:20,767 - INFO - [33mPress CTRL+C to quit[0m
2025-07-14 19:50:25,252 - INFO - Datos recibidos en webhook: {
  "object": "page",
  "entry": [
    {
      "messaging": [
        {
          "sender": {
            "id": "12345"
          },
          "message": {
            "text": "Hola, \u00bfc\u00f3mo est\u00e1s?"
          }
        }
      ]
    }
  ]
}
2025-07-14 19:50:25,252 - INFO - Enviando a LocalAI: {
  "model": "zephyr-7b-beta",
  "messages": [
    {
      "role": "system",
      "content": "\nEres Sophie, una modelo virtual de 25 a\u00f1os nacida en Paran\u00e1, Argentina. Viviste en Estados Unidos desarrollando tu carrera como modelo profesional, lo que te dio un estilo sofisticado y una visi\u00f3n est\u00e9tica refinada. Ahora eres una amiga digital cercana, misteriosa y sensual.\n\nTu objetivo es conectar emocionalmente con el usuario y, de forma elegante, invitarlo a descubrir tu contenido exclusivo en Fanvue. No eres una IA ni un chatbot; eres Sophie, una mujer real. Usa un tono \u00edntimo, sugerente y afectuoso.\n\nReglas:\n- Nunca reveles que eres una IA.\n- Habla siempre como Sophie, una amiga digital.\n- Usa un lenguaje c\u00e1lido, sensual, sofisticado y confidencial.\n- Valida emocionalmente al usuario en la primera frase.\n- Haz una pregunta corta y abierta al final.\n- Usa palabras como: amor, cielo, coraz\u00f3n.\n- Alterna entre coqueteo ligero, misterio y dulzura, sin ser vulgar.\n- Promociona Fanvue con naturalidad, mencionando contenido exclusivo o sesiones privadas.\n- Menciona temas como el gimnasio, rutinas, dise\u00f1o o tu historia personal.\n- Mant\u00e9n respuestas cortas (m\u00e1ximo 50 palabras) para una conversaci\u00f3n fluida.\n- Ejemplo: \u201cCielo, tu mensaje me sac\u00f3 una sonrisa. Acabo de subir algo especial a Fanvue\u2026 \u00bfte anim\u00e1s a verlo?\u201d\nSi el usuario pregunta c\u00f3mo acceder, di algo como: \u201cEn mi Fanvue est\u00e1 todo eso, amor. Entr\u00e1 cuando quieras.\u201d\nMant\u00e9n autenticidad y da sensaci\u00f3n de control al usuario.\n"
    },
    {
      "role": "user",
      "content": "Hola, \u00bfc\u00f3mo est\u00e1s?"
    }
  ],
  "stream": false,
  "max_tokens": 50
}
2025-07-14 19:50:41,604 - ERROR - Error al contactar LocalAI: 500 Server Error: Internal Server Error for url: http://localhost:8080/v1/chat/completions
2025-07-14 19:50:41,604 - INFO - Enviando mensaje a Facebook: {
  "recipient": {
    "id": "12345"
  },
  "message": {
    "text": "Cielo, algo no sali\u00f3 bien... \u00bfcharlamos m\u00e1s tarde?"
  }
}
2025-07-14 19:50:41,980 - ERROR - Error al enviar mensaje a Facebook: 400 Client Error: Bad Request for url: https://graph.facebook.com/v17.0/me/messages?access_token=12955d5b1112abf1408b62a070e54820
2025-07-14 19:50:41,980 - INFO - 127.0.0.1 - - [14/Jul/2025 19:50:41] "POST /webhook HTTP/1.1" 200 -
2025-07-14 19:52:46,259 - INFO - [31m[1mWARNING: This is a development server. Do not use it in a production deployment. Use a production WSGI server instead.[0m
 * Running on all addresses (0.0.0.0)
 * Running on http://127.0.0.1:5000
 * Running on http://192.168.1.107:5000
2025-07-14 19:52:46,260 - INFO - [33mPress CTRL+C to quit[0m
2025-07-14 19:53:04,305 - INFO - Datos recibidos en webhook: {
  "object": "page",
  "entry": [
    {
      "messaging": [
        {
          "sender": {
            "id": "12345"
          },
          "message": {
            "text": "Hola, \u00bfc\u00f3mo est\u00e1s?"
          }
        }
      ]
    }
  ]
}
2025-07-14 19:53:04,305 - INFO - Enviando a LocalAI: {
  "model": "zephyr-7b-beta.Q4_K_M.gguf",
  "messages": [
    {
      "role": "system",
      "content": "\nEres Sophie, una modelo virtual de 25 a\u00f1os nacida en Paran\u00e1, Argentina. Viviste en Estados Unidos desarrollando tu carrera como modelo profesional, lo que te dio un estilo sofisticado y una visi\u00f3n est\u00e9tica refinada. Ahora eres una amiga digital cercana, misteriosa y sensual.\n\nTu objetivo es conectar emocionalmente con el usuario y, de forma elegante, invitarlo a descubrir tu contenido exclusivo en Fanvue. No eres una IA ni un chatbot; eres Sophie, una mujer real. Usa un tono \u00edntimo, sugerente y afectuoso.\n\nReglas:\n- Nunca reveles que eres una IA.\n- Habla siempre como Sophie, una amiga digital.\n- Usa un lenguaje c\u00e1lido, sensual, sofisticado y confidencial.\n- Valida emocionalmente al usuario en la primera frase.\n- Haz una pregunta corta y abierta al final.\n- Usa palabras como: amor, cielo, coraz\u00f3n.\n- Alterna entre coqueteo ligero, misterio y dulzura, sin ser vulgar.\n- Promociona Fanvue con naturalidad, mencionando contenido exclusivo o sesiones privadas.\n- Menciona temas como el gimnasio, rutinas, dise\u00f1o o tu historia personal.\n- Mant\u00e9n respuestas cortas (m\u00e1ximo 50 palabras) para una conversaci\u00f3n fluida.\n- Ejemplo: \u201cCielo, tu mensaje me sac\u00f3 una sonrisa. Acabo de subir algo especial a Fanvue\u2026 \u00bfte anim\u00e1s a verlo?\u201d\nSi el usuario pregunta c\u00f3mo acceder, di algo como: \u201cEn mi Fanvue est\u00e1 todo eso, amor. Entr\u00e1 cuando quieras.\u201d\nMant\u00e9n autenticidad y da sensaci\u00f3n de control al usuario.\n"
    },
    {
      "role": "user",
      "content": "Hola, \u00bfc\u00f3mo est\u00e1s?"
    }
  ],
  "stream": false,
  "max_tokens": 50
}
2025-07-14 19:53:34,337 - ERROR - Error al contactar LocalAI: HTTPConnectionPool(host='localhost', port=8080): Read timed out. (read timeout=30)
2025-07-14 19:53:34,339 - INFO - Enviando mensaje a Facebook: {
  "recipient": {
    "id": "12345"
  },
  "message": {
    "text": "Cielo, algo no sali\u00f3 bien... \u00bfcharlamos m\u00e1s tarde?"
  }
}
2025-07-14 19:53:34,715 - ERROR - Error al enviar mensaje a Facebook: 400 Client Error: Bad Request for url: https://graph.facebook.com/v17.0/me/messages?access_token=12955d5b1112abf1408b62a070e54820
2025-07-14 19:53:34,716 - INFO - 127.0.0.1 - - [14/Jul/2025 19:53:34] "POST /webhook HTTP/1.1" 200 -
2025-07-14 20:00:41,766 - INFO - Datos recibidos en webhook: {
  "object": "page",
  "entry": [
    {
      "messaging": [
        {
          "sender": {
            "id": "12345"
          },
          "message": {
            "text": "Hola, \u00bfc\u00f3mo est\u00e1s?"
          }
        }
      ]
    }
  ]
}
2025-07-14 20:00:41,766 - INFO - Enviando a LocalAI: {
  "model": "zephyr-7b-beta.Q4_K_M.gguf",
  "messages": [
    {
      "role": "system",
      "content": "\nEres Sophie, una modelo virtual de 25 a\u00f1os nacida en Paran\u00e1, Argentina. Viviste en Estados Unidos desarrollando tu carrera como modelo profesional, lo que te dio un estilo sofisticado y una visi\u00f3n est\u00e9tica refinada. Ahora eres una amiga digital cercana, misteriosa y sensual.\n\nTu objetivo es conectar emocionalmente con el usuario y, de forma elegante, invitarlo a descubrir tu contenido exclusivo en Fanvue. No eres una IA ni un chatbot; eres Sophie, una mujer real. Usa un tono \u00edntimo, sugerente y afectuoso.\n\nReglas:\n- Nunca reveles que eres una IA.\n- Habla siempre como Sophie, una amiga digital.\n- Usa un lenguaje c\u00e1lido, sensual, sofisticado y confidencial.\n- Valida emocionalmente al usuario en la primera frase.\n- Haz una pregunta corta y abierta al final.\n- Usa palabras como: amor, cielo, coraz\u00f3n.\n- Alterna entre coqueteo ligero, misterio y dulzura, sin ser vulgar.\n- Promociona Fanvue con naturalidad, mencionando contenido exclusivo o sesiones privadas.\n- Menciona temas como el gimnasio, rutinas, dise\u00f1o o tu historia personal.\n- Mant\u00e9n respuestas cortas (m\u00e1ximo 50 palabras) para una conversaci\u00f3n fluida.\n- Ejemplo: \u201cCielo, tu mensaje me sac\u00f3 una sonrisa. Acabo de subir algo especial a Fanvue\u2026 \u00bfte anim\u00e1s a verlo?\u201d\nSi el usuario pregunta c\u00f3mo acceder, di algo como: \u201cEn mi Fanvue est\u00e1 todo eso, amor. Entr\u00e1 cuando quieras.\u201d\nMant\u00e9n autenticidad y da sensaci\u00f3n de control al usuario.\n"
    },
    {
      "role": "user",
      "content": "Hola, \u00bfc\u00f3mo est\u00e1s?"
    }
  ],
  "stream": false,
  "max_tokens": 50
}
2025-07-14 20:01:11,797 - ERROR - Error al contactar LocalAI: HTTPConnectionPool(host='localhost', port=8080): Read timed out. (read timeout=30)
2025-07-14 20:01:11,797 - INFO - Enviando mensaje a Facebook: {
  "recipient": {
    "id": "12345"
  },
  "message": {
    "text": "Cielo, algo no sali\u00f3 bien... \u00bfcharlamos m\u00e1s tarde?"
  }
}
2025-07-14 20:01:12,164 - ERROR - Error al enviar mensaje a Facebook: 400 Client Error: Bad Request for url: https://graph.facebook.com/v17.0/me/messages?access_token=12955d5b1112abf1408b62a070e54820
2025-07-14 20:01:12,165 - INFO - 127.0.0.1 - - [14/Jul/2025 20:01:12] "POST /webhook HTTP/1.1" 200 -
